[0m15:46:30.537237 [debug] [MainThread]: Sending event: {'category': 'dbt', 'action': 'invocation', 'label': 'start', 'context': [<snowplow_tracker.self_describing_json.SelfDescribingJson object at 0x7f7aebfc38b0>, <snowplow_tracker.self_describing_json.SelfDescribingJson object at 0x7f7aeaa2d120>, <snowplow_tracker.self_describing_json.SelfDescribingJson object at 0x7f7aeaa2cc10>]}


============================== 15:46:30.557900 | 724cdb24-616f-46ad-88b4-88e0873a50ee ==============================
[0m15:46:30.557900 [info ] [MainThread]: Running with dbt=1.10.13
[0m15:46:30.558322 [debug] [MainThread]: running dbt with arguments {'static_parser': 'True', 'empty': 'None', 'indirect_selection': 'eager', 'quiet': 'False', 'warn_error': 'None', 'warn_error_options': 'WarnErrorOptionsV2(error=[], warn=[], silence=[])', 'target_path': 'None', 'profiles_dir': '/home/cristian/Documents/cloning/duckdb-dbt-challenge', 'fail_fast': 'False', 'introspect': 'True', 'send_anonymous_usage_stats': 'True', 'debug': 'False', 'log_cache_events': 'False', 'invocation_command': 'dbt deps', 'use_colors': 'True', 'no_print': 'None', 'log_path': '/home/cristian/Documents/cloning/duckdb-dbt-challenge/logs', 'version_check': 'True', 'write_json': 'True', 'printer_width': '80', 'partial_parse': 'True', 'cache_selected_only': 'False', 'use_experimental_parser': 'False', 'log_format': 'default'}
[0m15:46:30.648170 [debug] [MainThread]: Sending event: {'category': 'dbt', 'action': 'project_id', 'label': '724cdb24-616f-46ad-88b4-88e0873a50ee', 'context': [<snowplow_tracker.self_describing_json.SelfDescribingJson object at 0x7f7aece8d5a0>]}
[0m15:46:30.679967 [debug] [MainThread]: Set downloads directory='/tmp/dbt-downloads-pisuy18x'
[0m15:46:30.680373 [debug] [MainThread]: Making package index registry request: GET https://hub.getdbt.com/api/v1/index.json
[0m15:46:30.803483 [debug] [MainThread]: Response from registry index: GET https://hub.getdbt.com/api/v1/index.json 200
[0m15:46:30.804073 [debug] [MainThread]: Making package registry request: GET https://hub.getdbt.com/api/v1/dbt-labs/dbt_utils.json
[0m15:46:30.852753 [debug] [MainThread]: Response from registry: GET https://hub.getdbt.com/api/v1/dbt-labs/dbt_utils.json 200
[0m15:46:30.855888 [info ] [MainThread]: Installing dbt-labs/dbt_utils
[0m15:46:31.144485 [info ] [MainThread]: Installed from version 1.3.0
[0m15:46:31.144886 [info ] [MainThread]: Updated version available: 1.3.1
[0m15:46:31.145249 [debug] [MainThread]: Sending event: {'category': 'dbt', 'action': 'package', 'label': '724cdb24-616f-46ad-88b4-88e0873a50ee', 'property_': 'install', 'context': [<snowplow_tracker.self_describing_json.SelfDescribingJson object at 0x7f7aebd1c250>, <snowplow_tracker.self_describing_json.SelfDescribingJson object at 0x7f7aea620280>]}
[0m15:46:31.145600 [info ] [MainThread]: 
[0m15:46:31.145906 [info ] [MainThread]: Updates available for packages: ['dbt-labs/dbt_utils']                 
Update your versions in packages.yml, then run dbt deps
[0m15:46:31.146664 [debug] [MainThread]: Resource report: {"command_name": "deps", "command_success": true, "command_wall_clock_time": 0.65075976, "process_in_blocks": "0", "process_kernel_time": 0.102468, "process_mem_max_rss": "111960", "process_out_blocks": "29800", "process_user_time": 1.8694}
[0m15:46:31.147278 [debug] [MainThread]: Command `dbt deps` succeeded at 15:46:31.147148 after 0.65 seconds
[0m15:46:31.147619 [debug] [MainThread]: Sending event: {'category': 'dbt', 'action': 'invocation', 'label': 'end', 'context': [<snowplow_tracker.self_describing_json.SelfDescribingJson object at 0x7f7aebfc38b0>, <snowplow_tracker.self_describing_json.SelfDescribingJson object at 0x7f7aeb75dcf0>, <snowplow_tracker.self_describing_json.SelfDescribingJson object at 0x7f7aecbb2620>]}
[0m15:46:31.148016 [debug] [MainThread]: Flushing usage events
[0m15:46:32.215065 [debug] [MainThread]: An error was encountered while trying to flush usage events
[0m15:46:50.807303 [debug] [MainThread]: Sending event: {'category': 'dbt', 'action': 'invocation', 'label': 'start', 'context': [<snowplow_tracker.self_describing_json.SelfDescribingJson object at 0x7fb0c3019fc0>, <snowplow_tracker.self_describing_json.SelfDescribingJson object at 0x7fb0c30e27a0>, <snowplow_tracker.self_describing_json.SelfDescribingJson object at 0x7fb0c1aec0a0>]}


============================== 15:46:50.809271 | 8ffb7afa-3021-4a8a-9e04-1a6503b0e5da ==============================
[0m15:46:50.809271 [info ] [MainThread]: Running with dbt=1.10.13
[0m15:46:50.809714 [debug] [MainThread]: running dbt with arguments {'fail_fast': 'False', 'warn_error': 'None', 'partial_parse': 'True', 'static_parser': 'True', 'log_cache_events': 'False', 'no_print': 'None', 'use_experimental_parser': 'False', 'empty': 'False', 'log_path': '/home/cristian/Documents/cloning/duckdb-dbt-challenge/logs', 'profiles_dir': '/home/cristian/Documents/cloning/duckdb-dbt-challenge', 'use_colors': 'True', 'debug': 'False', 'cache_selected_only': 'False', 'printer_width': '80', 'write_json': 'True', 'invocation_command': 'dbt run', 'log_format': 'default', 'send_anonymous_usage_stats': 'True', 'warn_error_options': 'WarnErrorOptionsV2(error=[], warn=[], silence=[])', 'introspect': 'True', 'indirect_selection': 'eager', 'quiet': 'False', 'version_check': 'True', 'target_path': 'None'}
[0m15:46:50.985530 [debug] [MainThread]: Sending event: {'category': 'dbt', 'action': 'project_id', 'label': '8ffb7afa-3021-4a8a-9e04-1a6503b0e5da', 'context': [<snowplow_tracker.self_describing_json.SelfDescribingJson object at 0x7fb0c1aea590>]}
[0m15:46:51.033755 [debug] [MainThread]: Sending event: {'category': 'dbt', 'action': 'adapter_info', 'label': '8ffb7afa-3021-4a8a-9e04-1a6503b0e5da', 'context': [<snowplow_tracker.self_describing_json.SelfDescribingJson object at 0x7fb0c1c74df0>]}
[0m15:46:51.035182 [info ] [MainThread]: Registered adapter: duckdb=1.9.6
[0m15:46:51.106569 [debug] [MainThread]: checksum: 9f0c81e2574b4ff463f3d16d080df83c6982fc0372c9feeacae0504ac9ea3ffe, vars: {}, profile: , target: , version: 1.10.13
[0m15:46:51.107106 [info ] [MainThread]: Unable to do partial parsing because saved manifest not found. Starting full parse.
[0m15:46:51.107427 [debug] [MainThread]: Sending event: {'category': 'dbt', 'action': 'partial_parser', 'label': '8ffb7afa-3021-4a8a-9e04-1a6503b0e5da', 'context': [<snowplow_tracker.self_describing_json.SelfDescribingJson object at 0x7fb0b5e12bf0>]}
[0m15:46:52.021846 [debug] [MainThread]: Sending event: {'category': 'dbt', 'action': 'load_project', 'label': '8ffb7afa-3021-4a8a-9e04-1a6503b0e5da', 'context': [<snowplow_tracker.self_describing_json.SelfDescribingJson object at 0x7fb0b5cac100>]}
[0m15:46:52.068600 [debug] [MainThread]: Wrote artifact WritableManifest to /home/cristian/Documents/cloning/duckdb-dbt-challenge/target/manifest.json
[0m15:46:52.069596 [debug] [MainThread]: Wrote artifact SemanticManifest to /home/cristian/Documents/cloning/duckdb-dbt-challenge/target/semantic_manifest.json
[0m15:46:52.086451 [debug] [MainThread]: Sending event: {'category': 'dbt', 'action': 'resource_counts', 'label': '8ffb7afa-3021-4a8a-9e04-1a6503b0e5da', 'context': [<snowplow_tracker.self_describing_json.SelfDescribingJson object at 0x7fb0b40dfe80>]}
[0m15:46:52.086854 [info ] [MainThread]: Found 1 model, 547 macros
[0m15:46:52.087173 [debug] [MainThread]: Sending event: {'category': 'dbt', 'action': 'runnable_timing', 'label': '8ffb7afa-3021-4a8a-9e04-1a6503b0e5da', 'context': [<snowplow_tracker.self_describing_json.SelfDescribingJson object at 0x7fb0b40dfe20>]}
[0m15:46:52.088294 [info ] [MainThread]: 
[0m15:46:52.088641 [info ] [MainThread]: Concurrency: 1 threads (target='dev')
[0m15:46:52.088962 [info ] [MainThread]: 
[0m15:46:52.089404 [debug] [MainThread]: Acquiring new duckdb connection 'master'
[0m15:46:52.090109 [debug] [ThreadPool]: Acquiring new duckdb connection 'list_yellow_tripdata'
[0m15:46:52.121385 [debug] [ThreadPool]: Using duckdb connection "list_yellow_tripdata"
[0m15:46:52.121778 [debug] [ThreadPool]: On list_yellow_tripdata: /* {"app": "dbt", "dbt_version": "1.10.13", "profile_name": "challenge", "target_name": "dev", "connection_name": "list_yellow_tripdata"} */

    
    select schema_name
    from system.information_schema.schemata
    
    where lower(catalog_name) = '"yellow_tripdata"'
    
  
  
[0m15:46:52.122060 [debug] [ThreadPool]: Opening a new connection, currently in state init
[0m15:46:53.694024 [debug] [ThreadPool]: SQL status: OK in 1.572 seconds
[0m15:46:53.695083 [debug] [ThreadPool]: On list_yellow_tripdata: Close
[0m15:46:53.695780 [debug] [ThreadPool]: Re-using an available connection from the pool (formerly list_yellow_tripdata, now create_yellow_tripdata_main)
[0m15:46:53.696192 [debug] [ThreadPool]: Creating schema "database: "yellow_tripdata"
schema: "main"
"
[0m15:46:53.701256 [debug] [ThreadPool]: Using duckdb connection "create_yellow_tripdata_main"
[0m15:46:53.701573 [debug] [ThreadPool]: On create_yellow_tripdata_main: /* {"app": "dbt", "dbt_version": "1.10.13", "profile_name": "challenge", "target_name": "dev", "connection_name": "create_yellow_tripdata_main"} */

    
        select type from duckdb_databases()
        where lower(database_name)='yellow_tripdata'
        and type='sqlite'
    
  
[0m15:46:53.701861 [debug] [ThreadPool]: Opening a new connection, currently in state closed
[0m15:46:53.702838 [debug] [ThreadPool]: SQL status: OK in 0.001 seconds
[0m15:46:53.704097 [debug] [ThreadPool]: Using duckdb connection "create_yellow_tripdata_main"
[0m15:46:53.704407 [debug] [ThreadPool]: On create_yellow_tripdata_main: BEGIN
[0m15:46:53.704809 [debug] [ThreadPool]: SQL status: OK in 0.000 seconds
[0m15:46:53.705103 [debug] [ThreadPool]: Using duckdb connection "create_yellow_tripdata_main"
[0m15:46:53.705407 [debug] [ThreadPool]: On create_yellow_tripdata_main: /* {"app": "dbt", "dbt_version": "1.10.13", "profile_name": "challenge", "target_name": "dev", "connection_name": "create_yellow_tripdata_main"} */

    
    
        create schema if not exists "yellow_tripdata"."main"
    
[0m15:46:53.705830 [debug] [ThreadPool]: SQL status: OK in 0.000 seconds
[0m15:46:53.706424 [debug] [ThreadPool]: On create_yellow_tripdata_main: COMMIT
[0m15:46:53.706726 [debug] [ThreadPool]: Using duckdb connection "create_yellow_tripdata_main"
[0m15:46:53.707010 [debug] [ThreadPool]: On create_yellow_tripdata_main: COMMIT
[0m15:46:53.707496 [debug] [ThreadPool]: SQL status: OK in 0.000 seconds
[0m15:46:53.707876 [debug] [ThreadPool]: On create_yellow_tripdata_main: Close
[0m15:46:53.708815 [debug] [ThreadPool]: Re-using an available connection from the pool (formerly create_yellow_tripdata_main, now list_yellow_tripdata_main)
[0m15:46:53.712978 [debug] [ThreadPool]: Using duckdb connection "list_yellow_tripdata_main"
[0m15:46:53.713277 [debug] [ThreadPool]: On list_yellow_tripdata_main: BEGIN
[0m15:46:53.713539 [debug] [ThreadPool]: Opening a new connection, currently in state closed
[0m15:46:53.713993 [debug] [ThreadPool]: SQL status: OK in 0.000 seconds
[0m15:46:53.714288 [debug] [ThreadPool]: Using duckdb connection "list_yellow_tripdata_main"
[0m15:46:53.714571 [debug] [ThreadPool]: On list_yellow_tripdata_main: /* {"app": "dbt", "dbt_version": "1.10.13", "profile_name": "challenge", "target_name": "dev", "connection_name": "list_yellow_tripdata_main"} */
select
      'yellow_tripdata' as database,
      table_name as name,
      table_schema as schema,
      CASE table_type
        WHEN 'BASE TABLE' THEN 'table'
        WHEN 'VIEW' THEN 'view'
        WHEN 'LOCAL TEMPORARY' THEN 'table'
        END as type
    from system.information_schema.tables
    where lower(table_schema) = 'main'
    and lower(table_catalog) = 'yellow_tripdata'
  
[0m15:46:53.721823 [debug] [ThreadPool]: SQL status: OK in 0.007 seconds
[0m15:46:53.722633 [debug] [ThreadPool]: On list_yellow_tripdata_main: ROLLBACK
[0m15:46:53.723058 [debug] [ThreadPool]: Failed to rollback 'list_yellow_tripdata_main'
[0m15:46:53.723341 [debug] [ThreadPool]: On list_yellow_tripdata_main: Close
[0m15:46:53.723858 [debug] [MainThread]: Sending event: {'category': 'dbt', 'action': 'runnable_timing', 'label': '8ffb7afa-3021-4a8a-9e04-1a6503b0e5da', 'context': [<snowplow_tracker.self_describing_json.SelfDescribingJson object at 0x7fb090ec13c0>]}
[0m15:46:53.724356 [debug] [MainThread]: Using duckdb connection "master"
[0m15:46:53.724669 [debug] [MainThread]: On master: BEGIN
[0m15:46:53.724927 [debug] [MainThread]: Opening a new connection, currently in state init
[0m15:46:53.725509 [debug] [MainThread]: SQL status: OK in 0.001 seconds
[0m15:46:53.725789 [debug] [MainThread]: On master: COMMIT
[0m15:46:53.726055 [debug] [MainThread]: Using duckdb connection "master"
[0m15:46:53.726317 [debug] [MainThread]: On master: COMMIT
[0m15:46:53.726690 [debug] [MainThread]: SQL status: OK in 0.000 seconds
[0m15:46:53.726970 [debug] [MainThread]: On master: Close
[0m15:46:53.729153 [debug] [Thread-1 (]: Began running node model.challenge.staging_yellow_tripdata
[0m15:46:53.729736 [info ] [Thread-1 (]: 1 of 1 START sql table model main.staging_yellow_tripdata ...................... [RUN]
[0m15:46:53.730219 [debug] [Thread-1 (]: Re-using an available connection from the pool (formerly list_yellow_tripdata_main, now model.challenge.staging_yellow_tripdata)
[0m15:46:53.730605 [debug] [Thread-1 (]: Began compiling node model.challenge.staging_yellow_tripdata
[0m15:46:53.736631 [debug] [Thread-1 (]: Writing injected SQL for node "model.challenge.staging_yellow_tripdata"
[0m15:46:53.737197 [debug] [Thread-1 (]: Began executing node model.challenge.staging_yellow_tripdata
[0m15:46:53.763603 [debug] [Thread-1 (]: Writing runtime sql for node "model.challenge.staging_yellow_tripdata"
[0m15:46:53.764281 [debug] [Thread-1 (]: Using duckdb connection "model.challenge.staging_yellow_tripdata"
[0m15:46:53.764613 [debug] [Thread-1 (]: On model.challenge.staging_yellow_tripdata: BEGIN
[0m15:46:53.764919 [debug] [Thread-1 (]: Opening a new connection, currently in state closed
[0m15:46:53.765578 [debug] [Thread-1 (]: SQL status: OK in 0.001 seconds
[0m15:46:53.765900 [debug] [Thread-1 (]: Using duckdb connection "model.challenge.staging_yellow_tripdata"
[0m15:46:53.766224 [debug] [Thread-1 (]: On model.challenge.staging_yellow_tripdata: /* {"app": "dbt", "dbt_version": "1.10.13", "profile_name": "challenge", "target_name": "dev", "node_id": "model.challenge.staging_yellow_tripdata"} */

  
    
    

    create  table
      "yellow_tripdata"."main"."staging_yellow_tripdata__dbt_tmp"
  
    as (
      

SELECT * FROM 'data/raw/yellow_tripdata_2025-08.parquet'
    );
  
  
[0m15:46:54.464802 [debug] [Thread-1 (]: SQL status: OK in 0.698 seconds
[0m15:46:54.469901 [debug] [Thread-1 (]: Using duckdb connection "model.challenge.staging_yellow_tripdata"
[0m15:46:54.470270 [debug] [Thread-1 (]: On model.challenge.staging_yellow_tripdata: /* {"app": "dbt", "dbt_version": "1.10.13", "profile_name": "challenge", "target_name": "dev", "node_id": "model.challenge.staging_yellow_tripdata"} */
alter table "yellow_tripdata"."main"."staging_yellow_tripdata__dbt_tmp" rename to "staging_yellow_tripdata"
[0m15:46:54.470897 [debug] [Thread-1 (]: SQL status: OK in 0.000 seconds
[0m15:46:54.481177 [debug] [Thread-1 (]: On model.challenge.staging_yellow_tripdata: COMMIT
[0m15:46:54.481531 [debug] [Thread-1 (]: Using duckdb connection "model.challenge.staging_yellow_tripdata"
[0m15:46:54.481844 [debug] [Thread-1 (]: On model.challenge.staging_yellow_tripdata: COMMIT
[0m15:46:54.515389 [debug] [Thread-1 (]: SQL status: OK in 0.033 seconds
[0m15:46:54.520026 [debug] [Thread-1 (]: Using duckdb connection "model.challenge.staging_yellow_tripdata"
[0m15:46:54.520376 [debug] [Thread-1 (]: On model.challenge.staging_yellow_tripdata: /* {"app": "dbt", "dbt_version": "1.10.13", "profile_name": "challenge", "target_name": "dev", "node_id": "model.challenge.staging_yellow_tripdata"} */

      drop table if exists "yellow_tripdata"."main"."staging_yellow_tripdata__dbt_backup" cascade
    
[0m15:46:54.520943 [debug] [Thread-1 (]: SQL status: OK in 0.000 seconds
[0m15:46:54.522839 [debug] [Thread-1 (]: On model.challenge.staging_yellow_tripdata: Close
[0m15:46:54.527092 [debug] [Thread-1 (]: Sending event: {'category': 'dbt', 'action': 'run_model', 'label': '8ffb7afa-3021-4a8a-9e04-1a6503b0e5da', 'context': [<snowplow_tracker.self_describing_json.SelfDescribingJson object at 0x7fb0c42c8430>]}
[0m15:46:54.527636 [info ] [Thread-1 (]: 1 of 1 OK created sql table model main.staging_yellow_tripdata ................. [[32mOK[0m in 0.80s]
[0m15:46:54.528217 [debug] [Thread-1 (]: Finished running node model.challenge.staging_yellow_tripdata
[0m15:46:54.529106 [debug] [MainThread]: Using duckdb connection "master"
[0m15:46:54.529410 [debug] [MainThread]: On master: BEGIN
[0m15:46:54.529681 [debug] [MainThread]: Opening a new connection, currently in state closed
[0m15:46:54.530223 [debug] [MainThread]: SQL status: OK in 0.001 seconds
[0m15:46:54.530513 [debug] [MainThread]: On master: COMMIT
[0m15:46:54.530794 [debug] [MainThread]: Using duckdb connection "master"
[0m15:46:54.531063 [debug] [MainThread]: On master: COMMIT
[0m15:46:54.531459 [debug] [MainThread]: SQL status: OK in 0.000 seconds
[0m15:46:54.531741 [debug] [MainThread]: On master: Close
[0m15:46:54.532087 [debug] [MainThread]: Connection 'master' was properly closed.
[0m15:46:54.532361 [debug] [MainThread]: Connection 'model.challenge.staging_yellow_tripdata' was properly closed.
[0m15:46:54.532638 [info ] [MainThread]: 
[0m15:46:54.532994 [info ] [MainThread]: Finished running 1 table model in 0 hours 0 minutes and 2.44 seconds (2.44s).
[0m15:46:54.533659 [debug] [MainThread]: Command end result
[0m15:46:54.601005 [debug] [MainThread]: Wrote artifact WritableManifest to /home/cristian/Documents/cloning/duckdb-dbt-challenge/target/manifest.json
[0m15:46:54.602271 [debug] [MainThread]: Wrote artifact SemanticManifest to /home/cristian/Documents/cloning/duckdb-dbt-challenge/target/semantic_manifest.json
[0m15:46:54.606960 [debug] [MainThread]: Wrote artifact RunExecutionResult to /home/cristian/Documents/cloning/duckdb-dbt-challenge/target/run_results.json
[0m15:46:54.607267 [info ] [MainThread]: 
[0m15:46:54.607624 [info ] [MainThread]: [32mCompleted successfully[0m
[0m15:46:54.607904 [info ] [MainThread]: 
[0m15:46:54.608206 [info ] [MainThread]: Done. PASS=1 WARN=0 ERROR=0 SKIP=0 NO-OP=0 TOTAL=1
[0m15:46:54.608722 [debug] [MainThread]: Resource report: {"command_name": "run", "command_success": true, "command_wall_clock_time": 3.8418276, "process_in_blocks": "0", "process_kernel_time": 0.238574, "process_mem_max_rss": "613512", "process_out_blocks": "358488", "process_user_time": 5.817917}
[0m15:46:54.609159 [debug] [MainThread]: Command `dbt run` succeeded at 15:46:54.609088 after 3.84 seconds
[0m15:46:54.609487 [debug] [MainThread]: Sending event: {'category': 'dbt', 'action': 'invocation', 'label': 'end', 'context': [<snowplow_tracker.self_describing_json.SelfDescribingJson object at 0x7fb0c3019fc0>, <snowplow_tracker.self_describing_json.SelfDescribingJson object at 0x7fb090eb4640>, <snowplow_tracker.self_describing_json.SelfDescribingJson object at 0x7fb090eb6da0>]}
[0m15:46:54.609811 [debug] [MainThread]: Flushing usage events
[0m15:46:55.193687 [debug] [MainThread]: An error was encountered while trying to flush usage events
